                 INT	int
                  ID	gcd
              LPAREN	(
                 INT	int
                  ID	u
               COMMA	,
                 INT	int
                  ID	v
              RPAREN	)
         LCURLYBRACE	{
                  IF	if
              LPAREN	(
                  ID	v
           NOT_EQUAL	!=
                 NUM	0
              RPAREN	)
         LCURLYBRACE	{
              RETURN	return
                  ID	u
           SEMICOLON	;
         RCURLYBRACE	}
                ELSE	else
         LCURLYBRACE	{
              RETURN	return
                  ID	gcd
              LPAREN	(
                  ID	v
               COMMA	,
                  ID	u
               MINUS	-
                  ID	u
              DIVIDE	/
                  ID	v
            MULTIPLY	*
                  ID	v
              RPAREN	)
           SEMICOLON	;
         RCURLYBRACE	}
         RCURLYBRACE	}
                VOID	void
                  ID	main
              LPAREN	(
                VOID	void
              RPAREN	)
         LCURLYBRACE	{
                 INT	int
                  ID	x
           SEMICOLON	;
                 INT	int
                  ID	y
           SEMICOLON	;
                  ID	x
              ASSIGN	=
                  ID	input
              LPAREN	(
              RPAREN	)
           SEMICOLON	;
                  ID	y
              ASSIGN	=
                  ID	input
              LPAREN	(
              RPAREN	)
           SEMICOLON	;
                  ID	output
              LPAREN	(
                  ID	gcd
              LPAREN	(
                  ID	x
               COMMA	,
                  ID	y
              RPAREN	)
              RPAREN	)
           SEMICOLON	;
         RCURLYBRACE	}
